stm32f4xx_it.c:74:6:NMI_Handler	4	static
stm32f4xx_it.c:89:6:HardFault_Handler	4	static
stm32f4xx_it.c:104:6:MemManage_Handler	4	static
stm32f4xx_it.c:119:6:BusFault_Handler	4	static
stm32f4xx_it.c:134:6:UsageFault_Handler	4	static
stm32f4xx_it.c:149:6:DebugMon_Handler	4	static
stm32f4xx_it.c:169:6:EXTI0_IRQHandler	8	static
stm32f4xx_it.c:183:6:EXTI1_IRQHandler	8	static
stm32f4xx_it.c:197:6:USART2_IRQHandler	8	static
stm32f4xx_it.c:211:6:EXTI15_10_IRQHandler	8	static
stm32f4xx_it.c:226:6:TIM8_CC_IRQHandler	8	static
stm32f4xx_it.c:240:6:TIM6_DAC_IRQHandler	8	static
stm32f4xx_it.c:254:6:DMA2_Stream0_IRQHandler	8	static
